// Jest Snapshot v1, https://goo.gl/fbAQLP

exports[`Home Page correctly renders 1`] = `
Array [
  <article
    className="small-movie-card catalog__movies-card"
    onMouseOut={[Function]}
    onMouseOver={[Function]}
  >
    <video
      height="175"
      muted={true}
      poster="img/fantastic-beasts-the-crimes-of-grindelwald.jpg"
      src=""
      width="280"
    />
    <h3
      className="small-movie-card__title"
    >
      <a
        className="small-movie-card__link"
        href="movie-page.html"
      >
        Fantastic Beasts: The Crimes of Grindelwald
      </a>
    </h3>
  </article>,
  <article
    className="small-movie-card catalog__movies-card"
    onMouseOut={[Function]}
    onMouseOver={[Function]}
  >
    <video
      height="175"
      muted={true}
      poster="img/bohemian-rhapsody.jpg"
      src=""
      width="280"
    />
    <h3
      className="small-movie-card__title"
    >
      <a
        className="small-movie-card__link"
        href="movie-page.html"
      >
        Bohemian Rhapsody
      </a>
    </h3>
  </article>,
]
`;
